// Jest Snapshot v1, https://goo.gl/fbAQLP

exports[`QR component Render the component 1`] = `
<svg
  height="150"
  viewBox="0 0 21 21"
  width="150"
>
  <rect
    height={1}
    key="0"
    style={
      Object {
        "fill": "#000000",
      }
    }
    width={1}
    x={0}
    y={0}
  />
  <rect
    height={1}
    key="1"
    style={
      Object {
        "fill": "#000000",
      }
    }
    width={1}
    x={1}
    y={0}
  />
  <rect
    height={1}
    key="2"
    style={
      Object {
        "fill": "#000000",
      }
    }
    width={1}
    x={2}
    y={0}
  />
  <rect
    height={1}
    key="3"
    style={
      Object {
        "fill": "#000000",
      }
    }
    width={1}
    x={3}
    y={0}
  />
  <rect
    height={1}
    key="4"
    style={
      Object {
        "fill": "#000000",
      }
    }
    width={1}
    x={4}
    y={0}
  />
  <rect
    height={1}
    key="5"
    style={
      Object {
        "fill": "#000000",
      }
    }
    width={1}
    x={5}
    y={0}
  />
  <rect
    height={1}
    key="6"
    style={
      Object {
        "fill": "#000000",
      }
    }
    width={1}
    x={6}
    y={0}
  />
  <rect
    height={1}
    key="7"
    style={
      Object {
        "fill": "none",
      }
    }
    width={1}
    x={7}
    y={0}
  />
  <rect
    height={1}
    key="8"
    style={
      Object {
        "fill": "#000000",
      }
    }
    width={1}
    x={8}
    y={0}
  />
  <rect
    height={1}
    key="9"
    style={
      Object {
        "fill": "#000000",
      }
    }
    width={1}
    x={9}
    y={0}
  />
  <rect
    height={1}
    key="10"
    style={
      Object {
        "fill": "none",
      }
    }
    width={1}
    x={10}
    y={0}
  />
  <rect
    height={1}
    key="11"
    style={
      Object {
        "fill": "none",
      }
    }
    width={1}
    x={11}
    y={0}
  />
  <rect
    height={1}
    key="12"
    style={
      Object {
        "fill": "#000000",
      }
    }
    width={1}
    x={12}
    y={0}
  />
  <rect
    height={1}
    key="13"
    style={
      Object {
        "fill": "none",
      }
    }
    width={1}
    x={13}
    y={0}
  />
  <rect
    height={1}
    key="14"
    style={
      Object {
        "fill": "#000000",
      }
    }
    width={1}
    x={14}
    y={0}
  />
  <rect
    height={1}
    key="15"
    style={
      Object {
        "fill": "#000000",
      }
    }
    width={1}
    x={15}
    y={0}
  />
  <rect
    height={1}
    key="16"
    style={
      Object {
        "fill": "#000000",
      }
    }
    width={1}
    x={16}
    y={0}
  />
  <rect
    height={1}
    key="17"
    style={
      Object {
        "fill": "#000000",
      }
    }
    width={1}
    x={17}
    y={0}
  />
  <rect
    height={1}
    key="18"
    style={
      Object {
        "fill": "#000000",
      }
    }
    width={1}
    x={18}
    y={0}
  />
  <rect
    height={1}
    key="19"
    style={
      Object {
        "fill": "#000000",
      }
    }
    width={1}
    x={19}
    y={0}
  />
  <rect
    height={1}
    key="20"
    style={
      Object {
        "fill": "#000000",
      }
    }
    width={1}
    x={20}
    y={0}
  />
  <rect
    height={1}
    key="0"
    style={
      Object {
        "fill": "#000000",
      }
    }
    width={1}
    x={0}
    y={1}
  />
  <rect
    height={1}
    key="1"
    style={
      Object {
        "fill": "none",
      }
    }
    width={1}
    x={1}
    y={1}
  />
  <rect
    height={1}
    key="2"
    style={
      Object {
        "fill": "none",
      }
    }
    width={1}
    x={2}
    y={1}
  />
  <rect
    height={1}
    key="3"
    style={
      Object {
        "fill": "none",
      }
    }
    width={1}
    x={3}
    y={1}
  />
  <rect
    height={1}
    key="4"
    style={
      Object {
        "fill": "none",
      }
    }
    width={1}
    x={4}
    y={1}
  />
  <rect
    height={1}
    key="5"
    style={
      Object {
        "fill": "none",
      }
    }
    width={1}
    x={5}
    y={1}
  />
  <rect
    height={1}
    key="6"
    style={
      Object {
        "fill": "#000000",
      }
    }
    width={1}
    x={6}
    y={1}
  />
  <rect
    height={1}
    key="7"
    style={
      Object {
        "fill": "none",
      }
    }
    width={1}
    x={7}
    y={1}
  />
  <rect
    height={1}
    key="8"
    style={
      Object {
        "fill": "none",
      }
    }
    width={1}
    x={8}
    y={1}
  />
  <rect
    height={1}
    key="9"
    style={
      Object {
        "fill": "#000000",
      }
    }
    width={1}
    x={9}
    y={1}
  />
  <rect
    height={1}
    key="10"
    style={
      Object {
        "fill": "none",
      }
    }
    width={1}
    x={10}
    y={1}
  />
  <rect
    height={1}
    key="11"
    style={
      Object {
        "fill": "none",
      }
    }
    width={1}
    x={11}
    y={1}
  />
  <rect
    height={1}
    key="12"
    style={
      Object {
        "fill": "#000000",
      }
    }
    width={1}
    x={12}
    y={1}
  />
  <rect
    height={1}
    key="13"
    style={
      Object {
        "fill": "none",
      }
    }
    width={1}
    x={13}
    y={1}
  />
  <rect
    height={1}
    key="14"
    style={
      Object {
        "fill": "#000000",
      }
    }
    width={1}
    x={14}
    y={1}
  />
  <rect
    height={1}
    key="15"
    style={
      Object {
        "fill": "none",
      }
    }
    width={1}
    x={15}
    y={1}
  />
  <rect
    height={1}
    key="16"
    style={
      Object {
        "fill": "none",
      }
    }
    width={1}
    x={16}
    y={1}
  />
  <rect
    height={1}
    key="17"
    style={
      Object {
        "fill": "none",
      }
    }
    width={1}
    x={17}
    y={1}
  />
  <rect
    height={1}
    key="18"
    style={
      Object {
        "fill": "none",
      }
    }
    width={1}
    x={18}
    y={1}
  />
  <rect
    height={1}
    key="19"
    style={
      Object {
        "fill": "none",
      }
    }
    width={1}
    x={19}
    y={1}
  />
  <rect
    height={1}
    key="20"
    style={
      Object {
        "fill": "#000000",
      }
    }
    width={1}
    x={20}
    y={1}
  />
  <rect
    height={1}
    key="0"
    style={
      Object {
        "fill": "#000000",
      }
    }
    width={1}
    x={0}
    y={2}
  />
  <rect
    height={1}
    key="1"
    style={
      Object {
        "fill": "none",
      }
    }
    width={1}
    x={1}
    y={2}
  />
  <rect
    height={1}
    key="2"
    style={
      Object {
        "fill": "#000000",
      }
    }
    width={1}
    x={2}
    y={2}
  />
  <rect
    height={1}
    key="3"
    style={
      Object {
        "fill": "#000000",
      }
    }
    width={1}
    x={3}
    y={2}
  />
  <rect
    height={1}
    key="4"
    style={
      Object {
        "fill": "#000000",
      }
    }
    width={1}
    x={4}
    y={2}
  />
  <rect
    height={1}
    key="5"
    style={
      Object {
        "fill": "none",
      }
    }
    width={1}
    x={5}
    y={2}
  />
  <rect
    height={1}
    key="6"
    style={
      Object {
        "fill": "#000000",
      }
    }
    width={1}
    x={6}
    y={2}
  />
  <rect
    height={1}
    key="7"
    style={
      Object {
        "fill": "none",
      }
    }
    width={1}
    x={7}
    y={2}
  />
  <rect
    height={1}
    key="8"
    style={
      Object {
        "fill": "#000000",
      }
    }
    width={1}
    x={8}
    y={2}
  />
  <rect
    height={1}
    key="9"
    style={
      Object {
        "fill": "none",
      }
    }
    width={1}
    x={9}
    y={2}
  />
  <rect
    height={1}
    key="10"
    style={
      Object {
        "fill": "#000000",
      }
    }
    width={1}
    x={10}
    y={2}
  />
  <rect
    height={1}
    key="11"
    style={
      Object {
        "fill": "none",
      }
    }
    width={1}
    x={11}
    y={2}
  />
  <rect
    height={1}
    key="12"
    style={
      Object {
        "fill": "#000000",
      }
    }
    width={1}
    x={12}
    y={2}
  />
  <rect
    height={1}
    key="13"
    style={
      Object {
        "fill": "none",
      }
    }
    width={1}
    x={13}
    y={2}
  />
  <rect
    height={1}
    key="14"
    style={
      Object {
        "fill": "#000000",
      }
    }
    width={1}
    x={14}
    y={2}
  />
  <rect
    height={1}
    key="15"
    style={
      Object {
        "fill": "none",
      }
    }
    width={1}
    x={15}
    y={2}
  />
  <rect
    height={1}
    key="16"
    style={
      Object {
        "fill": "#000000",
      }
    }
    width={1}
    x={16}
    y={2}
  />
  <rect
    height={1}
    key="17"
    style={
      Object {
        "fill": "#000000",
      }
    }
    width={1}
    x={17}
    y={2}
  />
  <rect
    height={1}
    key="18"
    style={
      Object {
        "fill": "#000000",
      }
    }
    width={1}
    x={18}
    y={2}
  />
  <rect
    height={1}
    key="19"
    style={
      Object {
        "fill": "none",
      }
    }
    width={1}
    x={19}
    y={2}
  />
  <rect
    height={1}
    key="20"
    style={
      Object {
        "fill": "#000000",
      }
    }
    width={1}
    x={20}
    y={2}
  />
  <rect
    height={1}
    key="0"
    style={
      Object {
        "fill": "#000000",
      }
    }
    width={1}
    x={0}
    y={3}
  />
  <rect
    height={1}
    key="1"
    style={
      Object {
        "fill": "none",
      }
    }
    width={1}
    x={1}
    y={3}
  />
  <rect
    height={1}
    key="2"
    style={
      Object {
        "fill": "#000000",
      }
    }
    width={1}
    x={2}
    y={3}
  />
  <rect
    height={1}
    key="3"
    style={
      Object {
        "fill": "#000000",
      }
    }
    width={1}
    x={3}
    y={3}
  />
  <rect
    height={1}
    key="4"
    style={
      Object {
        "fill": "#000000",
      }
    }
    width={1}
    x={4}
    y={3}
  />
  <rect
    height={1}
    key="5"
    style={
      Object {
        "fill": "none",
      }
    }
    width={1}
    x={5}
    y={3}
  />
  <rect
    height={1}
    key="6"
    style={
      Object {
        "fill": "#000000",
      }
    }
    width={1}
    x={6}
    y={3}
  />
  <rect
    height={1}
    key="7"
    style={
      Object {
        "fill": "none",
      }
    }
    width={1}
    x={7}
    y={3}
  />
  <rect
    height={1}
    key="8"
    style={
      Object {
        "fill": "#000000",
      }
    }
    width={1}
    x={8}
    y={3}
  />
  <rect
    height={1}
    key="9"
    style={
      Object {
        "fill": "none",
      }
    }
    width={1}
    x={9}
    y={3}
  />
  <rect
    height={1}
    key="10"
    style={
      Object {
        "fill": "none",
      }
    }
    width={1}
    x={10}
    y={3}
  />
  <rect
    height={1}
    key="11"
    style={
      Object {
        "fill": "#000000",
      }
    }
    width={1}
    x={11}
    y={3}
  />
  <rect
    height={1}
    key="12"
    style={
      Object {
        "fill": "none",
      }
    }
    width={1}
    x={12}
    y={3}
  />
  <rect
    height={1}
    key="13"
    style={
      Object {
        "fill": "none",
      }
    }
    width={1}
    x={13}
    y={3}
  />
  <rect
    height={1}
    key="14"
    style={
      Object {
        "fill": "#000000",
      }
    }
    width={1}
    x={14}
    y={3}
  />
  <rect
    height={1}
    key="15"
    style={
      Object {
        "fill": "none",
      }
    }
    width={1}
    x={15}
    y={3}
  />
  <rect
    height={1}
    key="16"
    style={
      Object {
        "fill": "#000000",
      }
    }
    width={1}
    x={16}
    y={3}
  />
  <rect
    height={1}
    key="17"
    style={
      Object {
        "fill": "#000000",
      }
    }
    width={1}
    x={17}
    y={3}
  />
  <rect
    height={1}
    key="18"
    style={
      Object {
        "fill": "#000000",
      }
    }
    width={1}
    x={18}
    y={3}
  />
  <rect
    height={1}
    key="19"
    style={
      Object {
        "fill": "none",
      }
    }
    width={1}
    x={19}
    y={3}
  />
  <rect
    height={1}
    key="20"
    style={
      Object {
        "fill": "#000000",
      }
    }
    width={1}
    x={20}
    y={3}
  />
  <rect
    height={1}
    key="0"
    style={
      Object {
        "fill": "#000000",
      }
    }
    width={1}
    x={0}
    y={4}
  />
  <rect
    height={1}
    key="1"
    style={
      Object {
        "fill": "none",
      }
    }
    width={1}
    x={1}
    y={4}
  />
  <rect
    height={1}
    key="2"
    style={
      Object {
        "fill": "#000000",
      }
    }
    width={1}
    x={2}
    y={4}
  />
  <rect
    height={1}
    key="3"
    style={
      Object {
        "fill": "#000000",
      }
    }
    width={1}
    x={3}
    y={4}
  />
  <rect
    height={1}
    key="4"
    style={
      Object {
        "fill": "#000000",
      }
    }
    width={1}
    x={4}
    y={4}
  />
  <rect
    height={1}
    key="5"
    style={
      Object {
        "fill": "none",
      }
    }
    width={1}
    x={5}
    y={4}
  />
  <rect
    height={1}
    key="6"
    style={
      Object {
        "fill": "#000000",
      }
    }
    width={1}
    x={6}
    y={4}
  />
  <rect
    height={1}
    key="7"
    style={
      Object {
        "fill": "none",
      }
    }
    width={1}
    x={7}
    y={4}
  />
  <rect
    height={1}
    key="8"
    style={
      Object {
        "fill": "#000000",
      }
    }
    width={1}
    x={8}
    y={4}
  />
  <rect
    height={1}
    key="9"
    style={
      Object {
        "fill": "#000000",
      }
    }
    width={1}
    x={9}
    y={4}
  />
  <rect
    height={1}
    key="10"
    style={
      Object {
        "fill": "#000000",
      }
    }
    width={1}
    x={10}
    y={4}
  />
  <rect
    height={1}
    key="11"
    style={
      Object {
        "fill": "none",
      }
    }
    width={1}
    x={11}
    y={4}
  />
  <rect
    height={1}
    key="12"
    style={
      Object {
        "fill": "none",
      }
    }
    width={1}
    x={12}
    y={4}
  />
  <rect
    height={1}
    key="13"
    style={
      Object {
        "fill": "none",
      }
    }
    width={1}
    x={13}
    y={4}
  />
  <rect
    height={1}
    key="14"
    style={
      Object {
        "fill": "#000000",
      }
    }
    width={1}
    x={14}
    y={4}
  />
  <rect
    height={1}
    key="15"
    style={
      Object {
        "fill": "none",
      }
    }
    width={1}
    x={15}
    y={4}
  />
  <rect
    height={1}
    key="16"
    style={
      Object {
        "fill": "#000000",
      }
    }
    width={1}
    x={16}
    y={4}
  />
  <rect
    height={1}
    key="17"
    style={
      Object {
        "fill": "#000000",
      }
    }
    width={1}
    x={17}
    y={4}
  />
  <rect
    height={1}
    key="18"
    style={
      Object {
        "fill": "#000000",
      }
    }
    width={1}
    x={18}
    y={4}
  />
  <rect
    height={1}
    key="19"
    style={
      Object {
        "fill": "none",
      }
    }
    width={1}
    x={19}
    y={4}
  />
  <rect
    height={1}
    key="20"
    style={
      Object {
        "fill": "#000000",
      }
    }
    width={1}
    x={20}
    y={4}
  />
  <rect
    height={1}
    key="0"
    style={
      Object {
        "fill": "#000000",
      }
    }
    width={1}
    x={0}
    y={5}
  />
  <rect
    height={1}
    key="1"
    style={
      Object {
        "fill": "none",
      }
    }
    width={1}
    x={1}
    y={5}
  />
  <rect
    height={1}
    key="2"
    style={
      Object {
        "fill": "none",
      }
    }
    width={1}
    x={2}
    y={5}
  />
  <rect
    height={1}
    key="3"
    style={
      Object {
        "fill": "none",
      }
    }
    width={1}
    x={3}
    y={5}
  />
  <rect
    height={1}
    key="4"
    style={
      Object {
        "fill": "none",
      }
    }
    width={1}
    x={4}
    y={5}
  />
  <rect
    height={1}
    key="5"
    style={
      Object {
        "fill": "none",
      }
    }
    width={1}
    x={5}
    y={5}
  />
  <rect
    height={1}
    key="6"
    style={
      Object {
        "fill": "#000000",
      }
    }
    width={1}
    x={6}
    y={5}
  />
  <rect
    height={1}
    key="7"
    style={
      Object {
        "fill": "none",
      }
    }
    width={1}
    x={7}
    y={5}
  />
  <rect
    height={1}
    key="8"
    style={
      Object {
        "fill": "none",
      }
    }
    width={1}
    x={8}
    y={5}
  />
  <rect
    height={1}
    key="9"
    style={
      Object {
        "fill": "none",
      }
    }
    width={1}
    x={9}
    y={5}
  />
  <rect
    height={1}
    key="10"
    style={
      Object {
        "fill": "none",
      }
    }
    width={1}
    x={10}
    y={5}
  />
  <rect
    height={1}
    key="11"
    style={
      Object {
        "fill": "none",
      }
    }
    width={1}
    x={11}
    y={5}
  />
  <rect
    height={1}
    key="12"
    style={
      Object {
        "fill": "none",
      }
    }
    width={1}
    x={12}
    y={5}
  />
  <rect
    height={1}
    key="13"
    style={
      Object {
        "fill": "none",
      }
    }
    width={1}
    x={13}
    y={5}
  />
  <rect
    height={1}
    key="14"
    style={
      Object {
        "fill": "#000000",
      }
    }
    width={1}
    x={14}
    y={5}
  />
  <rect
    height={1}
    key="15"
    style={
      Object {
        "fill": "none",
      }
    }
    width={1}
    x={15}
    y={5}
  />
  <rect
    height={1}
    key="16"
    style={
      Object {
        "fill": "none",
      }
    }
    width={1}
    x={16}
    y={5}
  />
  <rect
    height={1}
    key="17"
    style={
      Object {
        "fill": "none",
      }
    }
    width={1}
    x={17}
    y={5}
  />
  <rect
    height={1}
    key="18"
    style={
      Object {
        "fill": "none",
      }
    }
    width={1}
    x={18}
    y={5}
  />
  <rect
    height={1}
    key="19"
    style={
      Object {
        "fill": "none",
      }
    }
    width={1}
    x={19}
    y={5}
  />
  <rect
    height={1}
    key="20"
    style={
      Object {
        "fill": "#000000",
      }
    }
    width={1}
    x={20}
    y={5}
  />
  <rect
    height={1}
    key="0"
    style={
      Object {
        "fill": "#000000",
      }
    }
    width={1}
    x={0}
    y={6}
  />
  <rect
    height={1}
    key="1"
    style={
      Object {
        "fill": "#000000",
      }
    }
    width={1}
    x={1}
    y={6}
  />
  <rect
    height={1}
    key="2"
    style={
      Object {
        "fill": "#000000",
      }
    }
    width={1}
    x={2}
    y={6}
  />
  <rect
    height={1}
    key="3"
    style={
      Object {
        "fill": "#000000",
      }
    }
    width={1}
    x={3}
    y={6}
  />
  <rect
    height={1}
    key="4"
    style={
      Object {
        "fill": "#000000",
      }
    }
    width={1}
    x={4}
    y={6}
  />
  <rect
    height={1}
    key="5"
    style={
      Object {
        "fill": "#000000",
      }
    }
    width={1}
    x={5}
    y={6}
  />
  <rect
    height={1}
    key="6"
    style={
      Object {
        "fill": "#000000",
      }
    }
    width={1}
    x={6}
    y={6}
  />
  <rect
    height={1}
    key="7"
    style={
      Object {
        "fill": "none",
      }
    }
    width={1}
    x={7}
    y={6}
  />
  <rect
    height={1}
    key="8"
    style={
      Object {
        "fill": "#000000",
      }
    }
    width={1}
    x={8}
    y={6}
  />
  <rect
    height={1}
    key="9"
    style={
      Object {
        "fill": "none",
      }
    }
    width={1}
    x={9}
    y={6}
  />
  <rect
    height={1}
    key="10"
    style={
      Object {
        "fill": "#000000",
      }
    }
    width={1}
    x={10}
    y={6}
  />
  <rect
    height={1}
    key="11"
    style={
      Object {
        "fill": "none",
      }
    }
    width={1}
    x={11}
    y={6}
  />
  <rect
    height={1}
    key="12"
    style={
      Object {
        "fill": "#000000",
      }
    }
    width={1}
    x={12}
    y={6}
  />
  <rect
    height={1}
    key="13"
    style={
      Object {
        "fill": "none",
      }
    }
    width={1}
    x={13}
    y={6}
  />
  <rect
    height={1}
    key="14"
    style={
      Object {
        "fill": "#000000",
      }
    }
    width={1}
    x={14}
    y={6}
  />
  <rect
    height={1}
    key="15"
    style={
      Object {
        "fill": "#000000",
      }
    }
    width={1}
    x={15}
    y={6}
  />
  <rect
    height={1}
    key="16"
    style={
      Object {
        "fill": "#000000",
      }
    }
    width={1}
    x={16}
    y={6}
  />
  <rect
    height={1}
    key="17"
    style={
      Object {
        "fill": "#000000",
      }
    }
    width={1}
    x={17}
    y={6}
  />
  <rect
    height={1}
    key="18"
    style={
      Object {
        "fill": "#000000",
      }
    }
    width={1}
    x={18}
    y={6}
  />
  <rect
    height={1}
    key="19"
    style={
      Object {
        "fill": "#000000",
      }
    }
    width={1}
    x={19}
    y={6}
  />
  <rect
    height={1}
    key="20"
    style={
      Object {
        "fill": "#000000",
      }
    }
    width={1}
    x={20}
    y={6}
  />
  <rect
    height={1}
    key="0"
    style={
      Object {
        "fill": "none",
      }
    }
    width={1}
    x={0}
    y={7}
  />
  <rect
    height={1}
    key="1"
    style={
      Object {
        "fill": "none",
      }
    }
    width={1}
    x={1}
    y={7}
  />
  <rect
    height={1}
    key="2"
    style={
      Object {
        "fill": "none",
      }
    }
    width={1}
    x={2}
    y={7}
  />
  <rect
    height={1}
    key="3"
    style={
      Object {
        "fill": "none",
      }
    }
    width={1}
    x={3}
    y={7}
  />
  <rect
    height={1}
    key="4"
    style={
      Object {
        "fill": "none",
      }
    }
    width={1}
    x={4}
    y={7}
  />
  <rect
    height={1}
    key="5"
    style={
      Object {
        "fill": "none",
      }
    }
    width={1}
    x={5}
    y={7}
  />
  <rect
    height={1}
    key="6"
    style={
      Object {
        "fill": "none",
      }
    }
    width={1}
    x={6}
    y={7}
  />
  <rect
    height={1}
    key="7"
    style={
      Object {
        "fill": "none",
      }
    }
    width={1}
    x={7}
    y={7}
  />
  <rect
    height={1}
    key="8"
    style={
      Object {
        "fill": "none",
      }
    }
    width={1}
    x={8}
    y={7}
  />
  <rect
    height={1}
    key="9"
    style={
      Object {
        "fill": "#000000",
      }
    }
    width={1}
    x={9}
    y={7}
  />
  <rect
    height={1}
    key="10"
    style={
      Object {
        "fill": "#000000",
      }
    }
    width={1}
    x={10}
    y={7}
  />
  <rect
    height={1}
    key="11"
    style={
      Object {
        "fill": "none",
      }
    }
    width={1}
    x={11}
    y={7}
  />
  <rect
    height={1}
    key="12"
    style={
      Object {
        "fill": "none",
      }
    }
    width={1}
    x={12}
    y={7}
  />
  <rect
    height={1}
    key="13"
    style={
      Object {
        "fill": "none",
      }
    }
    width={1}
    x={13}
    y={7}
  />
  <rect
    height={1}
    key="14"
    style={
      Object {
        "fill": "none",
      }
    }
    width={1}
    x={14}
    y={7}
  />
  <rect
    height={1}
    key="15"
    style={
      Object {
        "fill": "none",
      }
    }
    width={1}
    x={15}
    y={7}
  />
  <rect
    height={1}
    key="16"
    style={
      Object {
        "fill": "none",
      }
    }
    width={1}
    x={16}
    y={7}
  />
  <rect
    height={1}
    key="17"
    style={
      Object {
        "fill": "none",
      }
    }
    width={1}
    x={17}
    y={7}
  />
  <rect
    height={1}
    key="18"
    style={
      Object {
        "fill": "none",
      }
    }
    width={1}
    x={18}
    y={7}
  />
  <rect
    height={1}
    key="19"
    style={
      Object {
        "fill": "none",
      }
    }
    width={1}
    x={19}
    y={7}
  />
  <rect
    height={1}
    key="20"
    style={
      Object {
        "fill": "none",
      }
    }
    width={1}
    x={20}
    y={7}
  />
  <rect
    height={1}
    key="0"
    style={
      Object {
        "fill": "#000000",
      }
    }
    width={1}
    x={0}
    y={8}
  />
  <rect
    height={1}
    key="1"
    style={
      Object {
        "fill": "#000000",
      }
    }
    width={1}
    x={1}
    y={8}
  />
  <rect
    height={1}
    key="2"
    style={
      Object {
        "fill": "#000000",
      }
    }
    width={1}
    x={2}
    y={8}
  />
  <rect
    height={1}
    key="3"
    style={
      Object {
        "fill": "#000000",
      }
    }
    width={1}
    x={3}
    y={8}
  />
  <rect
    height={1}
    key="4"
    style={
      Object {
        "fill": "none",
      }
    }
    width={1}
    x={4}
    y={8}
  />
  <rect
    height={1}
    key="5"
    style={
      Object {
        "fill": "none",
      }
    }
    width={1}
    x={5}
    y={8}
  />
  <rect
    height={1}
    key="6"
    style={
      Object {
        "fill": "#000000",
      }
    }
    width={1}
    x={6}
    y={8}
  />
  <rect
    height={1}
    key="7"
    style={
      Object {
        "fill": "none",
      }
    }
    width={1}
    x={7}
    y={8}
  />
  <rect
    height={1}
    key="8"
    style={
      Object {
        "fill": "#000000",
      }
    }
    width={1}
    x={8}
    y={8}
  />
  <rect
    height={1}
    key="9"
    style={
      Object {
        "fill": "none",
      }
    }
    width={1}
    x={9}
    y={8}
  />
  <rect
    height={1}
    key="10"
    style={
      Object {
        "fill": "#000000",
      }
    }
    width={1}
    x={10}
    y={8}
  />
  <rect
    height={1}
    key="11"
    style={
      Object {
        "fill": "none",
      }
    }
    width={1}
    x={11}
    y={8}
  />
  <rect
    height={1}
    key="12"
    style={
      Object {
        "fill": "none",
      }
    }
    width={1}
    x={12}
    y={8}
  />
  <rect
    height={1}
    key="13"
    style={
      Object {
        "fill": "#000000",
      }
    }
    width={1}
    x={13}
    y={8}
  />
  <rect
    height={1}
    key="14"
    style={
      Object {
        "fill": "none",
      }
    }
    width={1}
    x={14}
    y={8}
  />
  <rect
    height={1}
    key="15"
    style={
      Object {
        "fill": "none",
      }
    }
    width={1}
    x={15}
    y={8}
  />
  <rect
    height={1}
    key="16"
    style={
      Object {
        "fill": "#000000",
      }
    }
    width={1}
    x={16}
    y={8}
  />
  <rect
    height={1}
    key="17"
    style={
      Object {
        "fill": "#000000",
      }
    }
    width={1}
    x={17}
    y={8}
  />
  <rect
    height={1}
    key="18"
    style={
      Object {
        "fill": "#000000",
      }
    }
    width={1}
    x={18}
    y={8}
  />
  <rect
    height={1}
    key="19"
    style={
      Object {
        "fill": "none",
      }
    }
    width={1}
    x={19}
    y={8}
  />
  <rect
    height={1}
    key="20"
    style={
      Object {
        "fill": "#000000",
      }
    }
    width={1}
    x={20}
    y={8}
  />
  <rect
    height={1}
    key="0"
    style={
      Object {
        "fill": "#000000",
      }
    }
    width={1}
    x={0}
    y={9}
  />
  <rect
    height={1}
    key="1"
    style={
      Object {
        "fill": "none",
      }
    }
    width={1}
    x={1}
    y={9}
  />
  <rect
    height={1}
    key="2"
    style={
      Object {
        "fill": "none",
      }
    }
    width={1}
    x={2}
    y={9}
  />
  <rect
    height={1}
    key="3"
    style={
      Object {
        "fill": "none",
      }
    }
    width={1}
    x={3}
    y={9}
  />
  <rect
    height={1}
    key="4"
    style={
      Object {
        "fill": "none",
      }
    }
    width={1}
    x={4}
    y={9}
  />
  <rect
    height={1}
    key="5"
    style={
      Object {
        "fill": "#000000",
      }
    }
    width={1}
    x={5}
    y={9}
  />
  <rect
    height={1}
    key="6"
    style={
      Object {
        "fill": "none",
      }
    }
    width={1}
    x={6}
    y={9}
  />
  <rect
    height={1}
    key="7"
    style={
      Object {
        "fill": "#000000",
      }
    }
    width={1}
    x={7}
    y={9}
  />
  <rect
    height={1}
    key="8"
    style={
      Object {
        "fill": "#000000",
      }
    }
    width={1}
    x={8}
    y={9}
  />
  <rect
    height={1}
    key="9"
    style={
      Object {
        "fill": "#000000",
      }
    }
    width={1}
    x={9}
    y={9}
  />
  <rect
    height={1}
    key="10"
    style={
      Object {
        "fill": "#000000",
      }
    }
    width={1}
    x={10}
    y={9}
  />
  <rect
    height={1}
    key="11"
    style={
      Object {
        "fill": "none",
      }
    }
    width={1}
    x={11}
    y={9}
  />
  <rect
    height={1}
    key="12"
    style={
      Object {
        "fill": "#000000",
      }
    }
    width={1}
    x={12}
    y={9}
  />
  <rect
    height={1}
    key="13"
    style={
      Object {
        "fill": "none",
      }
    }
    width={1}
    x={13}
    y={9}
  />
  <rect
    height={1}
    key="14"
    style={
      Object {
        "fill": "none",
      }
    }
    width={1}
    x={14}
    y={9}
  />
  <rect
    height={1}
    key="15"
    style={
      Object {
        "fill": "#000000",
      }
    }
    width={1}
    x={15}
    y={9}
  />
  <rect
    height={1}
    key="16"
    style={
      Object {
        "fill": "none",
      }
    }
    width={1}
    x={16}
    y={9}
  />
  <rect
    height={1}
    key="17"
    style={
      Object {
        "fill": "#000000",
      }
    }
    width={1}
    x={17}
    y={9}
  />
  <rect
    height={1}
    key="18"
    style={
      Object {
        "fill": "none",
      }
    }
    width={1}
    x={18}
    y={9}
  />
  <rect
    height={1}
    key="19"
    style={
      Object {
        "fill": "none",
      }
    }
    width={1}
    x={19}
    y={9}
  />
  <rect
    height={1}
    key="20"
    style={
      Object {
        "fill": "none",
      }
    }
    width={1}
    x={20}
    y={9}
  />
  <rect
    height={1}
    key="0"
    style={
      Object {
        "fill": "none",
      }
    }
    width={1}
    x={0}
    y={10}
  />
  <rect
    height={1}
    key="1"
    style={
      Object {
        "fill": "#000000",
      }
    }
    width={1}
    x={1}
    y={10}
  />
  <rect
    height={1}
    key="2"
    style={
      Object {
        "fill": "#000000",
      }
    }
    width={1}
    x={2}
    y={10}
  />
  <rect
    height={1}
    key="3"
    style={
      Object {
        "fill": "none",
      }
    }
    width={1}
    x={3}
    y={10}
  />
  <rect
    height={1}
    key="4"
    style={
      Object {
        "fill": "none",
      }
    }
    width={1}
    x={4}
    y={10}
  />
  <rect
    height={1}
    key="5"
    style={
      Object {
        "fill": "none",
      }
    }
    width={1}
    x={5}
    y={10}
  />
  <rect
    height={1}
    key="6"
    style={
      Object {
        "fill": "#000000",
      }
    }
    width={1}
    x={6}
    y={10}
  />
  <rect
    height={1}
    key="7"
    style={
      Object {
        "fill": "#000000",
      }
    }
    width={1}
    x={7}
    y={10}
  />
  <rect
    height={1}
    key="8"
    style={
      Object {
        "fill": "#000000",
      }
    }
    width={1}
    x={8}
    y={10}
  />
  <rect
    height={1}
    key="9"
    style={
      Object {
        "fill": "none",
      }
    }
    width={1}
    x={9}
    y={10}
  />
  <rect
    height={1}
    key="10"
    style={
      Object {
        "fill": "#000000",
      }
    }
    width={1}
    x={10}
    y={10}
  />
  <rect
    height={1}
    key="11"
    style={
      Object {
        "fill": "none",
      }
    }
    width={1}
    x={11}
    y={10}
  />
  <rect
    height={1}
    key="12"
    style={
      Object {
        "fill": "#000000",
      }
    }
    width={1}
    x={12}
    y={10}
  />
  <rect
    height={1}
    key="13"
    style={
      Object {
        "fill": "#000000",
      }
    }
    width={1}
    x={13}
    y={10}
  />
  <rect
    height={1}
    key="14"
    style={
      Object {
        "fill": "#000000",
      }
    }
    width={1}
    x={14}
    y={10}
  />
  <rect
    height={1}
    key="15"
    style={
      Object {
        "fill": "#000000",
      }
    }
    width={1}
    x={15}
    y={10}
  />
  <rect
    height={1}
    key="16"
    style={
      Object {
        "fill": "#000000",
      }
    }
    width={1}
    x={16}
    y={10}
  />
  <rect
    height={1}
    key="17"
    style={
      Object {
        "fill": "none",
      }
    }
    width={1}
    x={17}
    y={10}
  />
  <rect
    height={1}
    key="18"
    style={
      Object {
        "fill": "#000000",
      }
    }
    width={1}
    x={18}
    y={10}
  />
  <rect
    height={1}
    key="19"
    style={
      Object {
        "fill": "#000000",
      }
    }
    width={1}
    x={19}
    y={10}
  />
  <rect
    height={1}
    key="20"
    style={
      Object {
        "fill": "#000000",
      }
    }
    width={1}
    x={20}
    y={10}
  />
  <rect
    height={1}
    key="0"
    style={
      Object {
        "fill": "none",
      }
    }
    width={1}
    x={0}
    y={11}
  />
  <rect
    height={1}
    key="1"
    style={
      Object {
        "fill": "#000000",
      }
    }
    width={1}
    x={1}
    y={11}
  />
  <rect
    height={1}
    key="2"
    style={
      Object {
        "fill": "none",
      }
    }
    width={1}
    x={2}
    y={11}
  />
  <rect
    height={1}
    key="3"
    style={
      Object {
        "fill": "#000000",
      }
    }
    width={1}
    x={3}
    y={11}
  />
  <rect
    height={1}
    key="4"
    style={
      Object {
        "fill": "#000000",
      }
    }
    width={1}
    x={4}
    y={11}
  />
  <rect
    height={1}
    key="5"
    style={
      Object {
        "fill": "none",
      }
    }
    width={1}
    x={5}
    y={11}
  />
  <rect
    height={1}
    key="6"
    style={
      Object {
        "fill": "none",
      }
    }
    width={1}
    x={6}
    y={11}
  />
  <rect
    height={1}
    key="7"
    style={
      Object {
        "fill": "#000000",
      }
    }
    width={1}
    x={7}
    y={11}
  />
  <rect
    height={1}
    key="8"
    style={
      Object {
        "fill": "none",
      }
    }
    width={1}
    x={8}
    y={11}
  />
  <rect
    height={1}
    key="9"
    style={
      Object {
        "fill": "none",
      }
    }
    width={1}
    x={9}
    y={11}
  />
  <rect
    height={1}
    key="10"
    style={
      Object {
        "fill": "#000000",
      }
    }
    width={1}
    x={10}
    y={11}
  />
  <rect
    height={1}
    key="11"
    style={
      Object {
        "fill": "none",
      }
    }
    width={1}
    x={11}
    y={11}
  />
  <rect
    height={1}
    key="12"
    style={
      Object {
        "fill": "#000000",
      }
    }
    width={1}
    x={12}
    y={11}
  />
  <rect
    height={1}
    key="13"
    style={
      Object {
        "fill": "#000000",
      }
    }
    width={1}
    x={13}
    y={11}
  />
  <rect
    height={1}
    key="14"
    style={
      Object {
        "fill": "none",
      }
    }
    width={1}
    x={14}
    y={11}
  />
  <rect
    height={1}
    key="15"
    style={
      Object {
        "fill": "none",
      }
    }
    width={1}
    x={15}
    y={11}
  />
  <rect
    height={1}
    key="16"
    style={
      Object {
        "fill": "none",
      }
    }
    width={1}
    x={16}
    y={11}
  />
  <rect
    height={1}
    key="17"
    style={
      Object {
        "fill": "#000000",
      }
    }
    width={1}
    x={17}
    y={11}
  />
  <rect
    height={1}
    key="18"
    style={
      Object {
        "fill": "none",
      }
    }
    width={1}
    x={18}
    y={11}
  />
  <rect
    height={1}
    key="19"
    style={
      Object {
        "fill": "none",
      }
    }
    width={1}
    x={19}
    y={11}
  />
  <rect
    height={1}
    key="20"
    style={
      Object {
        "fill": "none",
      }
    }
    width={1}
    x={20}
    y={11}
  />
  <rect
    height={1}
    key="0"
    style={
      Object {
        "fill": "none",
      }
    }
    width={1}
    x={0}
    y={12}
  />
  <rect
    height={1}
    key="1"
    style={
      Object {
        "fill": "none",
      }
    }
    width={1}
    x={1}
    y={12}
  />
  <rect
    height={1}
    key="2"
    style={
      Object {
        "fill": "#000000",
      }
    }
    width={1}
    x={2}
    y={12}
  />
  <rect
    height={1}
    key="3"
    style={
      Object {
        "fill": "#000000",
      }
    }
    width={1}
    x={3}
    y={12}
  />
  <rect
    height={1}
    key="4"
    style={
      Object {
        "fill": "none",
      }
    }
    width={1}
    x={4}
    y={12}
  />
  <rect
    height={1}
    key="5"
    style={
      Object {
        "fill": "none",
      }
    }
    width={1}
    x={5}
    y={12}
  />
  <rect
    height={1}
    key="6"
    style={
      Object {
        "fill": "#000000",
      }
    }
    width={1}
    x={6}
    y={12}
  />
  <rect
    height={1}
    key="7"
    style={
      Object {
        "fill": "#000000",
      }
    }
    width={1}
    x={7}
    y={12}
  />
  <rect
    height={1}
    key="8"
    style={
      Object {
        "fill": "none",
      }
    }
    width={1}
    x={8}
    y={12}
  />
  <rect
    height={1}
    key="9"
    style={
      Object {
        "fill": "#000000",
      }
    }
    width={1}
    x={9}
    y={12}
  />
  <rect
    height={1}
    key="10"
    style={
      Object {
        "fill": "#000000",
      }
    }
    width={1}
    x={10}
    y={12}
  />
  <rect
    height={1}
    key="11"
    style={
      Object {
        "fill": "#000000",
      }
    }
    width={1}
    x={11}
    y={12}
  />
  <rect
    height={1}
    key="12"
    style={
      Object {
        "fill": "none",
      }
    }
    width={1}
    x={12}
    y={12}
  />
  <rect
    height={1}
    key="13"
    style={
      Object {
        "fill": "#000000",
      }
    }
    width={1}
    x={13}
    y={12}
  />
  <rect
    height={1}
    key="14"
    style={
      Object {
        "fill": "none",
      }
    }
    width={1}
    x={14}
    y={12}
  />
  <rect
    height={1}
    key="15"
    style={
      Object {
        "fill": "none",
      }
    }
    width={1}
    x={15}
    y={12}
  />
  <rect
    height={1}
    key="16"
    style={
      Object {
        "fill": "#000000",
      }
    }
    width={1}
    x={16}
    y={12}
  />
  <rect
    height={1}
    key="17"
    style={
      Object {
        "fill": "#000000",
      }
    }
    width={1}
    x={17}
    y={12}
  />
  <rect
    height={1}
    key="18"
    style={
      Object {
        "fill": "#000000",
      }
    }
    width={1}
    x={18}
    y={12}
  />
  <rect
    height={1}
    key="19"
    style={
      Object {
        "fill": "none",
      }
    }
    width={1}
    x={19}
    y={12}
  />
  <rect
    height={1}
    key="20"
    style={
      Object {
        "fill": "#000000",
      }
    }
    width={1}
    x={20}
    y={12}
  />
  <rect
    height={1}
    key="0"
    style={
      Object {
        "fill": "none",
      }
    }
    width={1}
    x={0}
    y={13}
  />
  <rect
    height={1}
    key="1"
    style={
      Object {
        "fill": "none",
      }
    }
    width={1}
    x={1}
    y={13}
  />
  <rect
    height={1}
    key="2"
    style={
      Object {
        "fill": "none",
      }
    }
    width={1}
    x={2}
    y={13}
  />
  <rect
    height={1}
    key="3"
    style={
      Object {
        "fill": "none",
      }
    }
    width={1}
    x={3}
    y={13}
  />
  <rect
    height={1}
    key="4"
    style={
      Object {
        "fill": "none",
      }
    }
    width={1}
    x={4}
    y={13}
  />
  <rect
    height={1}
    key="5"
    style={
      Object {
        "fill": "none",
      }
    }
    width={1}
    x={5}
    y={13}
  />
  <rect
    height={1}
    key="6"
    style={
      Object {
        "fill": "none",
      }
    }
    width={1}
    x={6}
    y={13}
  />
  <rect
    height={1}
    key="7"
    style={
      Object {
        "fill": "none",
      }
    }
    width={1}
    x={7}
    y={13}
  />
  <rect
    height={1}
    key="8"
    style={
      Object {
        "fill": "#000000",
      }
    }
    width={1}
    x={8}
    y={13}
  />
  <rect
    height={1}
    key="9"
    style={
      Object {
        "fill": "none",
      }
    }
    width={1}
    x={9}
    y={13}
  />
  <rect
    height={1}
    key="10"
    style={
      Object {
        "fill": "#000000",
      }
    }
    width={1}
    x={10}
    y={13}
  />
  <rect
    height={1}
    key="11"
    style={
      Object {
        "fill": "none",
      }
    }
    width={1}
    x={11}
    y={13}
  />
  <rect
    height={1}
    key="12"
    style={
      Object {
        "fill": "none",
      }
    }
    width={1}
    x={12}
    y={13}
  />
  <rect
    height={1}
    key="13"
    style={
      Object {
        "fill": "#000000",
      }
    }
    width={1}
    x={13}
    y={13}
  />
  <rect
    height={1}
    key="14"
    style={
      Object {
        "fill": "none",
      }
    }
    width={1}
    x={14}
    y={13}
  />
  <rect
    height={1}
    key="15"
    style={
      Object {
        "fill": "#000000",
      }
    }
    width={1}
    x={15}
    y={13}
  />
  <rect
    height={1}
    key="16"
    style={
      Object {
        "fill": "none",
      }
    }
    width={1}
    x={16}
    y={13}
  />
  <rect
    height={1}
    key="17"
    style={
      Object {
        "fill": "none",
      }
    }
    width={1}
    x={17}
    y={13}
  />
  <rect
    height={1}
    key="18"
    style={
      Object {
        "fill": "none",
      }
    }
    width={1}
    x={18}
    y={13}
  />
  <rect
    height={1}
    key="19"
    style={
      Object {
        "fill": "none",
      }
    }
    width={1}
    x={19}
    y={13}
  />
  <rect
    height={1}
    key="20"
    style={
      Object {
        "fill": "#000000",
      }
    }
    width={1}
    x={20}
    y={13}
  />
  <rect
    height={1}
    key="0"
    style={
      Object {
        "fill": "#000000",
      }
    }
    width={1}
    x={0}
    y={14}
  />
  <rect
    height={1}
    key="1"
    style={
      Object {
        "fill": "#000000",
      }
    }
    width={1}
    x={1}
    y={14}
  />
  <rect
    height={1}
    key="2"
    style={
      Object {
        "fill": "#000000",
      }
    }
    width={1}
    x={2}
    y={14}
  />
  <rect
    height={1}
    key="3"
    style={
      Object {
        "fill": "#000000",
      }
    }
    width={1}
    x={3}
    y={14}
  />
  <rect
    height={1}
    key="4"
    style={
      Object {
        "fill": "#000000",
      }
    }
    width={1}
    x={4}
    y={14}
  />
  <rect
    height={1}
    key="5"
    style={
      Object {
        "fill": "#000000",
      }
    }
    width={1}
    x={5}
    y={14}
  />
  <rect
    height={1}
    key="6"
    style={
      Object {
        "fill": "#000000",
      }
    }
    width={1}
    x={6}
    y={14}
  />
  <rect
    height={1}
    key="7"
    style={
      Object {
        "fill": "none",
      }
    }
    width={1}
    x={7}
    y={14}
  />
  <rect
    height={1}
    key="8"
    style={
      Object {
        "fill": "none",
      }
    }
    width={1}
    x={8}
    y={14}
  />
  <rect
    height={1}
    key="9"
    style={
      Object {
        "fill": "none",
      }
    }
    width={1}
    x={9}
    y={14}
  />
  <rect
    height={1}
    key="10"
    style={
      Object {
        "fill": "none",
      }
    }
    width={1}
    x={10}
    y={14}
  />
  <rect
    height={1}
    key="11"
    style={
      Object {
        "fill": "none",
      }
    }
    width={1}
    x={11}
    y={14}
  />
  <rect
    height={1}
    key="12"
    style={
      Object {
        "fill": "none",
      }
    }
    width={1}
    x={12}
    y={14}
  />
  <rect
    height={1}
    key="13"
    style={
      Object {
        "fill": "#000000",
      }
    }
    width={1}
    x={13}
    y={14}
  />
  <rect
    height={1}
    key="14"
    style={
      Object {
        "fill": "#000000",
      }
    }
    width={1}
    x={14}
    y={14}
  />
  <rect
    height={1}
    key="15"
    style={
      Object {
        "fill": "none",
      }
    }
    width={1}
    x={15}
    y={14}
  />
  <rect
    height={1}
    key="16"
    style={
      Object {
        "fill": "#000000",
      }
    }
    width={1}
    x={16}
    y={14}
  />
  <rect
    height={1}
    key="17"
    style={
      Object {
        "fill": "none",
      }
    }
    width={1}
    x={17}
    y={14}
  />
  <rect
    height={1}
    key="18"
    style={
      Object {
        "fill": "none",
      }
    }
    width={1}
    x={18}
    y={14}
  />
  <rect
    height={1}
    key="19"
    style={
      Object {
        "fill": "none",
      }
    }
    width={1}
    x={19}
    y={14}
  />
  <rect
    height={1}
    key="20"
    style={
      Object {
        "fill": "none",
      }
    }
    width={1}
    x={20}
    y={14}
  />
  <rect
    height={1}
    key="0"
    style={
      Object {
        "fill": "#000000",
      }
    }
    width={1}
    x={0}
    y={15}
  />
  <rect
    height={1}
    key="1"
    style={
      Object {
        "fill": "none",
      }
    }
    width={1}
    x={1}
    y={15}
  />
  <rect
    height={1}
    key="2"
    style={
      Object {
        "fill": "none",
      }
    }
    width={1}
    x={2}
    y={15}
  />
  <rect
    height={1}
    key="3"
    style={
      Object {
        "fill": "none",
      }
    }
    width={1}
    x={3}
    y={15}
  />
  <rect
    height={1}
    key="4"
    style={
      Object {
        "fill": "none",
      }
    }
    width={1}
    x={4}
    y={15}
  />
  <rect
    height={1}
    key="5"
    style={
      Object {
        "fill": "none",
      }
    }
    width={1}
    x={5}
    y={15}
  />
  <rect
    height={1}
    key="6"
    style={
      Object {
        "fill": "#000000",
      }
    }
    width={1}
    x={6}
    y={15}
  />
  <rect
    height={1}
    key="7"
    style={
      Object {
        "fill": "none",
      }
    }
    width={1}
    x={7}
    y={15}
  />
  <rect
    height={1}
    key="8"
    style={
      Object {
        "fill": "none",
      }
    }
    width={1}
    x={8}
    y={15}
  />
  <rect
    height={1}
    key="9"
    style={
      Object {
        "fill": "none",
      }
    }
    width={1}
    x={9}
    y={15}
  />
  <rect
    height={1}
    key="10"
    style={
      Object {
        "fill": "#000000",
      }
    }
    width={1}
    x={10}
    y={15}
  />
  <rect
    height={1}
    key="11"
    style={
      Object {
        "fill": "#000000",
      }
    }
    width={1}
    x={11}
    y={15}
  />
  <rect
    height={1}
    key="12"
    style={
      Object {
        "fill": "#000000",
      }
    }
    width={1}
    x={12}
    y={15}
  />
  <rect
    height={1}
    key="13"
    style={
      Object {
        "fill": "#000000",
      }
    }
    width={1}
    x={13}
    y={15}
  />
  <rect
    height={1}
    key="14"
    style={
      Object {
        "fill": "#000000",
      }
    }
    width={1}
    x={14}
    y={15}
  />
  <rect
    height={1}
    key="15"
    style={
      Object {
        "fill": "none",
      }
    }
    width={1}
    x={15}
    y={15}
  />
  <rect
    height={1}
    key="16"
    style={
      Object {
        "fill": "none",
      }
    }
    width={1}
    x={16}
    y={15}
  />
  <rect
    height={1}
    key="17"
    style={
      Object {
        "fill": "#000000",
      }
    }
    width={1}
    x={17}
    y={15}
  />
  <rect
    height={1}
    key="18"
    style={
      Object {
        "fill": "#000000",
      }
    }
    width={1}
    x={18}
    y={15}
  />
  <rect
    height={1}
    key="19"
    style={
      Object {
        "fill": "none",
      }
    }
    width={1}
    x={19}
    y={15}
  />
  <rect
    height={1}
    key="20"
    style={
      Object {
        "fill": "none",
      }
    }
    width={1}
    x={20}
    y={15}
  />
  <rect
    height={1}
    key="0"
    style={
      Object {
        "fill": "#000000",
      }
    }
    width={1}
    x={0}
    y={16}
  />
  <rect
    height={1}
    key="1"
    style={
      Object {
        "fill": "none",
      }
    }
    width={1}
    x={1}
    y={16}
  />
  <rect
    height={1}
    key="2"
    style={
      Object {
        "fill": "#000000",
      }
    }
    width={1}
    x={2}
    y={16}
  />
  <rect
    height={1}
    key="3"
    style={
      Object {
        "fill": "#000000",
      }
    }
    width={1}
    x={3}
    y={16}
  />
  <rect
    height={1}
    key="4"
    style={
      Object {
        "fill": "#000000",
      }
    }
    width={1}
    x={4}
    y={16}
  />
  <rect
    height={1}
    key="5"
    style={
      Object {
        "fill": "none",
      }
    }
    width={1}
    x={5}
    y={16}
  />
  <rect
    height={1}
    key="6"
    style={
      Object {
        "fill": "#000000",
      }
    }
    width={1}
    x={6}
    y={16}
  />
  <rect
    height={1}
    key="7"
    style={
      Object {
        "fill": "none",
      }
    }
    width={1}
    x={7}
    y={16}
  />
  <rect
    height={1}
    key="8"
    style={
      Object {
        "fill": "none",
      }
    }
    width={1}
    x={8}
    y={16}
  />
  <rect
    height={1}
    key="9"
    style={
      Object {
        "fill": "none",
      }
    }
    width={1}
    x={9}
    y={16}
  />
  <rect
    height={1}
    key="10"
    style={
      Object {
        "fill": "none",
      }
    }
    width={1}
    x={10}
    y={16}
  />
  <rect
    height={1}
    key="11"
    style={
      Object {
        "fill": "#000000",
      }
    }
    width={1}
    x={11}
    y={16}
  />
  <rect
    height={1}
    key="12"
    style={
      Object {
        "fill": "none",
      }
    }
    width={1}
    x={12}
    y={16}
  />
  <rect
    height={1}
    key="13"
    style={
      Object {
        "fill": "none",
      }
    }
    width={1}
    x={13}
    y={16}
  />
  <rect
    height={1}
    key="14"
    style={
      Object {
        "fill": "#000000",
      }
    }
    width={1}
    x={14}
    y={16}
  />
  <rect
    height={1}
    key="15"
    style={
      Object {
        "fill": "none",
      }
    }
    width={1}
    x={15}
    y={16}
  />
  <rect
    height={1}
    key="16"
    style={
      Object {
        "fill": "none",
      }
    }
    width={1}
    x={16}
    y={16}
  />
  <rect
    height={1}
    key="17"
    style={
      Object {
        "fill": "#000000",
      }
    }
    width={1}
    x={17}
    y={16}
  />
  <rect
    height={1}
    key="18"
    style={
      Object {
        "fill": "none",
      }
    }
    width={1}
    x={18}
    y={16}
  />
  <rect
    height={1}
    key="19"
    style={
      Object {
        "fill": "#000000",
      }
    }
    width={1}
    x={19}
    y={16}
  />
  <rect
    height={1}
    key="20"
    style={
      Object {
        "fill": "#000000",
      }
    }
    width={1}
    x={20}
    y={16}
  />
  <rect
    height={1}
    key="0"
    style={
      Object {
        "fill": "#000000",
      }
    }
    width={1}
    x={0}
    y={17}
  />
  <rect
    height={1}
    key="1"
    style={
      Object {
        "fill": "none",
      }
    }
    width={1}
    x={1}
    y={17}
  />
  <rect
    height={1}
    key="2"
    style={
      Object {
        "fill": "#000000",
      }
    }
    width={1}
    x={2}
    y={17}
  />
  <rect
    height={1}
    key="3"
    style={
      Object {
        "fill": "#000000",
      }
    }
    width={1}
    x={3}
    y={17}
  />
  <rect
    height={1}
    key="4"
    style={
      Object {
        "fill": "#000000",
      }
    }
    width={1}
    x={4}
    y={17}
  />
  <rect
    height={1}
    key="5"
    style={
      Object {
        "fill": "none",
      }
    }
    width={1}
    x={5}
    y={17}
  />
  <rect
    height={1}
    key="6"
    style={
      Object {
        "fill": "#000000",
      }
    }
    width={1}
    x={6}
    y={17}
  />
  <rect
    height={1}
    key="7"
    style={
      Object {
        "fill": "none",
      }
    }
    width={1}
    x={7}
    y={17}
  />
  <rect
    height={1}
    key="8"
    style={
      Object {
        "fill": "#000000",
      }
    }
    width={1}
    x={8}
    y={17}
  />
  <rect
    height={1}
    key="9"
    style={
      Object {
        "fill": "#000000",
      }
    }
    width={1}
    x={9}
    y={17}
  />
  <rect
    height={1}
    key="10"
    style={
      Object {
        "fill": "#000000",
      }
    }
    width={1}
    x={10}
    y={17}
  />
  <rect
    height={1}
    key="11"
    style={
      Object {
        "fill": "none",
      }
    }
    width={1}
    x={11}
    y={17}
  />
  <rect
    height={1}
    key="12"
    style={
      Object {
        "fill": "none",
      }
    }
    width={1}
    x={12}
    y={17}
  />
  <rect
    height={1}
    key="13"
    style={
      Object {
        "fill": "#000000",
      }
    }
    width={1}
    x={13}
    y={17}
  />
  <rect
    height={1}
    key="14"
    style={
      Object {
        "fill": "none",
      }
    }
    width={1}
    x={14}
    y={17}
  />
  <rect
    height={1}
    key="15"
    style={
      Object {
        "fill": "none",
      }
    }
    width={1}
    x={15}
    y={17}
  />
  <rect
    height={1}
    key="16"
    style={
      Object {
        "fill": "#000000",
      }
    }
    width={1}
    x={16}
    y={17}
  />
  <rect
    height={1}
    key="17"
    style={
      Object {
        "fill": "none",
      }
    }
    width={1}
    x={17}
    y={17}
  />
  <rect
    height={1}
    key="18"
    style={
      Object {
        "fill": "none",
      }
    }
    width={1}
    x={18}
    y={17}
  />
  <rect
    height={1}
    key="19"
    style={
      Object {
        "fill": "#000000",
      }
    }
    width={1}
    x={19}
    y={17}
  />
  <rect
    height={1}
    key="20"
    style={
      Object {
        "fill": "none",
      }
    }
    width={1}
    x={20}
    y={17}
  />
  <rect
    height={1}
    key="0"
    style={
      Object {
        "fill": "#000000",
      }
    }
    width={1}
    x={0}
    y={18}
  />
  <rect
    height={1}
    key="1"
    style={
      Object {
        "fill": "none",
      }
    }
    width={1}
    x={1}
    y={18}
  />
  <rect
    height={1}
    key="2"
    style={
      Object {
        "fill": "#000000",
      }
    }
    width={1}
    x={2}
    y={18}
  />
  <rect
    height={1}
    key="3"
    style={
      Object {
        "fill": "#000000",
      }
    }
    width={1}
    x={3}
    y={18}
  />
  <rect
    height={1}
    key="4"
    style={
      Object {
        "fill": "#000000",
      }
    }
    width={1}
    x={4}
    y={18}
  />
  <rect
    height={1}
    key="5"
    style={
      Object {
        "fill": "none",
      }
    }
    width={1}
    x={5}
    y={18}
  />
  <rect
    height={1}
    key="6"
    style={
      Object {
        "fill": "#000000",
      }
    }
    width={1}
    x={6}
    y={18}
  />
  <rect
    height={1}
    key="7"
    style={
      Object {
        "fill": "none",
      }
    }
    width={1}
    x={7}
    y={18}
  />
  <rect
    height={1}
    key="8"
    style={
      Object {
        "fill": "#000000",
      }
    }
    width={1}
    x={8}
    y={18}
  />
  <rect
    height={1}
    key="9"
    style={
      Object {
        "fill": "none",
      }
    }
    width={1}
    x={9}
    y={18}
  />
  <rect
    height={1}
    key="10"
    style={
      Object {
        "fill": "#000000",
      }
    }
    width={1}
    x={10}
    y={18}
  />
  <rect
    height={1}
    key="11"
    style={
      Object {
        "fill": "#000000",
      }
    }
    width={1}
    x={11}
    y={18}
  />
  <rect
    height={1}
    key="12"
    style={
      Object {
        "fill": "none",
      }
    }
    width={1}
    x={12}
    y={18}
  />
  <rect
    height={1}
    key="13"
    style={
      Object {
        "fill": "#000000",
      }
    }
    width={1}
    x={13}
    y={18}
  />
  <rect
    height={1}
    key="14"
    style={
      Object {
        "fill": "none",
      }
    }
    width={1}
    x={14}
    y={18}
  />
  <rect
    height={1}
    key="15"
    style={
      Object {
        "fill": "none",
      }
    }
    width={1}
    x={15}
    y={18}
  />
  <rect
    height={1}
    key="16"
    style={
      Object {
        "fill": "#000000",
      }
    }
    width={1}
    x={16}
    y={18}
  />
  <rect
    height={1}
    key="17"
    style={
      Object {
        "fill": "#000000",
      }
    }
    width={1}
    x={17}
    y={18}
  />
  <rect
    height={1}
    key="18"
    style={
      Object {
        "fill": "#000000",
      }
    }
    width={1}
    x={18}
    y={18}
  />
  <rect
    height={1}
    key="19"
    style={
      Object {
        "fill": "none",
      }
    }
    width={1}
    x={19}
    y={18}
  />
  <rect
    height={1}
    key="20"
    style={
      Object {
        "fill": "none",
      }
    }
    width={1}
    x={20}
    y={18}
  />
  <rect
    height={1}
    key="0"
    style={
      Object {
        "fill": "#000000",
      }
    }
    width={1}
    x={0}
    y={19}
  />
  <rect
    height={1}
    key="1"
    style={
      Object {
        "fill": "none",
      }
    }
    width={1}
    x={1}
    y={19}
  />
  <rect
    height={1}
    key="2"
    style={
      Object {
        "fill": "none",
      }
    }
    width={1}
    x={2}
    y={19}
  />
  <rect
    height={1}
    key="3"
    style={
      Object {
        "fill": "none",
      }
    }
    width={1}
    x={3}
    y={19}
  />
  <rect
    height={1}
    key="4"
    style={
      Object {
        "fill": "none",
      }
    }
    width={1}
    x={4}
    y={19}
  />
  <rect
    height={1}
    key="5"
    style={
      Object {
        "fill": "none",
      }
    }
    width={1}
    x={5}
    y={19}
  />
  <rect
    height={1}
    key="6"
    style={
      Object {
        "fill": "#000000",
      }
    }
    width={1}
    x={6}
    y={19}
  />
  <rect
    height={1}
    key="7"
    style={
      Object {
        "fill": "none",
      }
    }
    width={1}
    x={7}
    y={19}
  />
  <rect
    height={1}
    key="8"
    style={
      Object {
        "fill": "#000000",
      }
    }
    width={1}
    x={8}
    y={19}
  />
  <rect
    height={1}
    key="9"
    style={
      Object {
        "fill": "#000000",
      }
    }
    width={1}
    x={9}
    y={19}
  />
  <rect
    height={1}
    key="10"
    style={
      Object {
        "fill": "none",
      }
    }
    width={1}
    x={10}
    y={19}
  />
  <rect
    height={1}
    key="11"
    style={
      Object {
        "fill": "#000000",
      }
    }
    width={1}
    x={11}
    y={19}
  />
  <rect
    height={1}
    key="12"
    style={
      Object {
        "fill": "#000000",
      }
    }
    width={1}
    x={12}
    y={19}
  />
  <rect
    height={1}
    key="13"
    style={
      Object {
        "fill": "none",
      }
    }
    width={1}
    x={13}
    y={19}
  />
  <rect
    height={1}
    key="14"
    style={
      Object {
        "fill": "#000000",
      }
    }
    width={1}
    x={14}
    y={19}
  />
  <rect
    height={1}
    key="15"
    style={
      Object {
        "fill": "none",
      }
    }
    width={1}
    x={15}
    y={19}
  />
  <rect
    height={1}
    key="16"
    style={
      Object {
        "fill": "#000000",
      }
    }
    width={1}
    x={16}
    y={19}
  />
  <rect
    height={1}
    key="17"
    style={
      Object {
        "fill": "#000000",
      }
    }
    width={1}
    x={17}
    y={19}
  />
  <rect
    height={1}
    key="18"
    style={
      Object {
        "fill": "none",
      }
    }
    width={1}
    x={18}
    y={19}
  />
  <rect
    height={1}
    key="19"
    style={
      Object {
        "fill": "none",
      }
    }
    width={1}
    x={19}
    y={19}
  />
  <rect
    height={1}
    key="20"
    style={
      Object {
        "fill": "#000000",
      }
    }
    width={1}
    x={20}
    y={19}
  />
  <rect
    height={1}
    key="0"
    style={
      Object {
        "fill": "#000000",
      }
    }
    width={1}
    x={0}
    y={20}
  />
  <rect
    height={1}
    key="1"
    style={
      Object {
        "fill": "#000000",
      }
    }
    width={1}
    x={1}
    y={20}
  />
  <rect
    height={1}
    key="2"
    style={
      Object {
        "fill": "#000000",
      }
    }
    width={1}
    x={2}
    y={20}
  />
  <rect
    height={1}
    key="3"
    style={
      Object {
        "fill": "#000000",
      }
    }
    width={1}
    x={3}
    y={20}
  />
  <rect
    height={1}
    key="4"
    style={
      Object {
        "fill": "#000000",
      }
    }
    width={1}
    x={4}
    y={20}
  />
  <rect
    height={1}
    key="5"
    style={
      Object {
        "fill": "#000000",
      }
    }
    width={1}
    x={5}
    y={20}
  />
  <rect
    height={1}
    key="6"
    style={
      Object {
        "fill": "#000000",
      }
    }
    width={1}
    x={6}
    y={20}
  />
  <rect
    height={1}
    key="7"
    style={
      Object {
        "fill": "none",
      }
    }
    width={1}
    x={7}
    y={20}
  />
  <rect
    height={1}
    key="8"
    style={
      Object {
        "fill": "#000000",
      }
    }
    width={1}
    x={8}
    y={20}
  />
  <rect
    height={1}
    key="9"
    style={
      Object {
        "fill": "#000000",
      }
    }
    width={1}
    x={9}
    y={20}
  />
  <rect
    height={1}
    key="10"
    style={
      Object {
        "fill": "none",
      }
    }
    width={1}
    x={10}
    y={20}
  />
  <rect
    height={1}
    key="11"
    style={
      Object {
        "fill": "#000000",
      }
    }
    width={1}
    x={11}
    y={20}
  />
  <rect
    height={1}
    key="12"
    style={
      Object {
        "fill": "#000000",
      }
    }
    width={1}
    x={12}
    y={20}
  />
  <rect
    height={1}
    key="13"
    style={
      Object {
        "fill": "none",
      }
    }
    width={1}
    x={13}
    y={20}
  />
  <rect
    height={1}
    key="14"
    style={
      Object {
        "fill": "none",
      }
    }
    width={1}
    x={14}
    y={20}
  />
  <rect
    height={1}
    key="15"
    style={
      Object {
        "fill": "#000000",
      }
    }
    width={1}
    x={15}
    y={20}
  />
  <rect
    height={1}
    key="16"
    style={
      Object {
        "fill": "none",
      }
    }
    width={1}
    x={16}
    y={20}
  />
  <rect
    height={1}
    key="17"
    style={
      Object {
        "fill": "none",
      }
    }
    width={1}
    x={17}
    y={20}
  />
  <rect
    height={1}
    key="18"
    style={
      Object {
        "fill": "none",
      }
    }
    width={1}
    x={18}
    y={20}
  />
  <rect
    height={1}
    key="19"
    style={
      Object {
        "fill": "none",
      }
    }
    width={1}
    x={19}
    y={20}
  />
  <rect
    height={1}
    key="20"
    style={
      Object {
        "fill": "none",
      }
    }
    width={1}
    x={20}
    y={20}
  />
</svg>
`;
